  -0.093379   0.399312 207.710540  51.442517 207.710566  51.442406   94
   0.656247  -0.839443 207.620642  51.223835 207.620460  51.224068   15
  -0.386491   0.035137 207.622320  51.374962 207.622427  51.374952   63
  -0.000457   0.192441 207.707093  51.291147 207.707093  51.291094   46
  -0.664322   1.161365 207.707401  51.235207 207.707586  51.234884   27
  -0.152202  -0.083231 207.753332  51.437270 207.753374  51.437293   95
   0.621395  -0.827495 207.594117  51.257266 207.593944  51.257496   24
