   0.730604  -0.708657 207.622630  51.374755 207.622427  51.374952   63
   0.411364  -0.734446 207.745917  51.367482 207.745803  51.367686   76
  -0.179443  -0.386079 207.753324  51.437186 207.753374  51.437293   95
  -0.338973  -0.311426 207.617400  51.438994 207.617494  51.439081   82
  -0.363125   0.251610 207.706992  51.291164 207.707093  51.291094   46
  -0.396317   0.377832 207.707476  51.234989 207.707586  51.234884   27
   0.290335   0.253448 207.594025  51.257566 207.593944  51.257496   24
  -0.747375  -0.068370 207.710358  51.442387 207.710566  51.442406   94
  -0.557859   0.027842 207.760721  51.313488 207.760876  51.313480   57
  -0.940199   0.432441 207.771827  51.311016 207.772088  51.310896   57
   1.981813   0.453205 207.766989  51.312989 207.766438  51.312863   57
   0.612652  -0.247334 207.582699  51.329191 207.582529  51.329260   43
   0.657416   0.252550 207.620643  51.224138 207.620460  51.224068   15
