  -0.007140   1.233186 207.707584  51.235227 207.707586  51.234884   27
  -1.126168   0.303872 207.753061  51.437377 207.753374  51.437293   95
  -0.182789  -0.249559 207.620409  51.223999 207.620460  51.224068   15
  -1.188995  -0.865962 207.622097  51.374711 207.622427  51.374952   63
   0.006504  -0.318552 207.707095  51.291006 207.707093  51.291094   46
  -0.390447   0.439760 207.710458  51.442528 207.710566  51.442406   94
  -0.006032   0.231918 207.745801  51.367750 207.745803  51.367686   76
