   0.830562  -0.625407 207.622658  51.374778 207.622427  51.374952   63
   0.493032  -0.772148 207.745940  51.367472 207.745803  51.367686   76
   0.077928  -0.431071 207.753396  51.437173 207.753374  51.437293   95
  -0.077054  -0.223068 207.617473  51.439019 207.617494  51.439081   82
  -0.473201   0.252123 207.706962  51.291164 207.707093  51.291094   46
  -0.647143   0.377889 207.707406  51.234989 207.707586  51.234884   27
   0.095938   0.364801 207.593971  51.257597 207.593944  51.257496   24
  -0.476834  -0.071212 207.710434  51.442386 207.710566  51.442406   94
  -0.611954  -0.024365 207.760706  51.313473 207.760876  51.313480   57
  -1.000517   0.369340 207.771810  51.310999 207.772088  51.310896   57
   1.926456   0.394849 207.766973  51.312973 207.766438  51.312863   57
   0.597928  -0.124893 207.582695  51.329225 207.582529  51.329260   43
   0.379391   0.337801 207.620565  51.224162 207.620460  51.224068   15
