  -0.113434   1.233285 207.707554  51.235227 207.707586  51.234884   27
  -0.216329   0.214462 207.753314  51.437353 207.753374  51.437293   95
  -0.345308  -0.078397 207.620364  51.224046 207.620460  51.224068   15
  -0.595078  -0.698316 207.622262  51.374758 207.622427  51.374952   63
   0.179726  -0.317569 207.707143  51.291006 207.707093  51.291094   46
   0.545507   0.433937 207.710718  51.442527 207.710566  51.442406   94
   0.552793   0.156848 207.745957  51.367730 207.745803  51.367686   76
