   0.137725   1.233196 207.707624  51.235227 207.707586  51.234884   27
  -0.473220   0.259197 207.753243  51.437365 207.753374  51.437293   95
  -0.066066  -0.164021 207.620442  51.224022 207.620460  51.224068   15
  -0.694053  -0.782130 207.622234  51.374735 207.622427  51.374952   63
   0.291127  -0.318080 207.707174  51.291006 207.707093  51.291094   46
   0.275544   0.436881 207.710643  51.442527 207.710566  51.442406   94
   0.471406   0.194389 207.745934  51.367740 207.745803  51.367686   76
