   0.494709  -0.803208 207.622564  51.374729 207.622427  51.374952   63
   0.211990  -0.587080 207.745862  51.367523 207.745803  51.367686   76
  -0.730225  -0.224275 207.753171  51.437231 207.753374  51.437293   95
  -0.898786  -0.416328 207.617244  51.438965 207.617494  51.439081   82
  -0.178992   0.322704 207.707043  51.291184 207.707093  51.291094   46
   0.069317   0.449952 207.707605  51.235009 207.707586  51.234884   27
   0.643164   0.102929 207.594123  51.257525 207.593944  51.257496   24
  -1.324476   0.009121 207.710198  51.442409 207.710566  51.442406   94
  -0.485714   0.204329 207.760741  51.313537 207.760876  51.313480   57
  -0.855611   0.630723 207.771850  51.311071 207.772088  51.310896   57
   2.056480   0.641990 207.767009  51.313041 207.766438  51.312863   57
   0.606142  -0.420173 207.582697  51.329143 207.582529  51.329260   43
   1.177488   0.154305 207.620787  51.224111 207.620460  51.224068   15
