  -0.508618   1.233452 207.707445  51.235227 207.707586  51.234884   27
  -0.103494   0.169666 207.753345  51.437340 207.753374  51.437293   95
  -0.768516   0.007314 207.620247  51.224070 207.620460  51.224068   15
  -0.640069  -0.614519 207.622249  51.374781 207.622427  51.374952   63
  -0.075701  -0.317017 207.707072  51.291006 207.707093  51.291094   46
   0.671442   0.430930 207.710753  51.442526 207.710566  51.442406   94
   0.490129   0.119295 207.745939  51.367719 207.745803  51.367686   76
