  -0.975827   1.233697 207.707315  51.235227 207.707586  51.234884   27
  -0.062716   0.124811 207.753357  51.437328 207.753374  51.437293   95
  -1.263690   0.093110 207.620109  51.224094 207.620460  51.224068   15
  -0.757027  -0.530739 207.622217  51.374805 207.622427  51.374952   63
  -0.403152  -0.316425 207.706981  51.291006 207.707093  51.291094   46
   0.725351   0.427859 207.710767  51.442525 207.710566  51.442406   94
   0.355413   0.081730 207.745902  51.367709 207.745803  51.367686   76
